// Jest Snapshot v1, https://goo.gl/fbAQLP

exports[`should render ExpenseList with empty message 1`] = `
<div>
  <p>
    No expenses
  </p>
</div>
`;

exports[`should render ExpenseList with expenses 1`] = `
<div>
  <ExpenseListItem
    amount={6500}
    createdAt={"1970-01-01T00:00:00.000Z"}
    description="Fuel"
    id="1"
    key="1"
    note=""
  />
  <ExpenseListItem
    amount={125000}
    createdAt={-345600000}
    description="Rent"
    id="2"
    key="2"
    note="Rent was going up this month"
  />
  <ExpenseListItem
    amount={3500}
    createdAt={345600000}
    description="New jeans"
    id="3"
    key="3"
    note=""
  />
</div>
`;
